Internet:  Connected
Operating System Type : GNU/Linux
OS Name :Ubuntu
UBUNTU_CODENAME=xenial
OS Version :16.04.6 LTS (Xenial Xerus)
Architecture : x86_64
Kernel Release : 4.4.0-169-generic
Hostname : ubuntu-01
Internal IP : 192.168.60.129
Name Servers : DO 192.168.60.2 localdomain
Logged In users :
ubuntu   pts/1        2020-01-10 13:30 (192.168.60.1)
Ram Usages :
              total        used        free      shared  buff/cache   available
Mem:           1.9G         73M        1.7G        5.8M        144M        1.7G
Swap Usages :
              total        used        free      shared  buff/cache   available
Swap:          2.0G          0B        2.0G
Disk Usages :
Filesystem      Size  Used Avail Use% Mounted on
udev            972M     0  972M   0% /dev
tmpfs           199M  5.8M  193M   3% /run
/dev/sda1        18G  4.5G   13G  27% /
tmpfs           992M     0  992M   0% /dev/shm
tmpfs           5.0M     0  5.0M   0% /run/lock
tmpfs           992M     0  992M   0% /sys/fs/cgroup
tmpfs           199M     0  199M   0% /run/user/1000
Load Average : 0.00,0.00,0.00
System Uptime Days/(HH:MM) : 5:12
